// Jest Snapshot v1, https://goo.gl/fbAQLP

exports[`Counter Component render component 1`] = `
<div
  className="counter-test container"
>
  <span
    className="valueText"
  >
    0
  </span>
  <button
    className="btn"
    onClick={[Function]}
  >
    +1
  </button>
  <button
    className="btn"
    onClick={[Function]}
  >
    -1
  </button>
  <button
    className="btn"
    onClick={[Function]}
  >
    +2
  </button>
  <button
    className="btn"
    onClick={[Function]}
  >
    -3
  </button>
</div>
`;
